
> paginas-comercio-local@0.1.0 test
> jest --testPathPattern=DeployTimeline|DeployStatus|DeployPreviewLink --no-coverage --runInBand

node.exe : ts-jest[ts-jest-transformer] (WARN) Define `ts-jest` config under `globals` is 
deprecated. Please do
No linha:1 caractere:1
+ & "C:\Program Files\nodejs/node.exe" "C:\Program Files\nodejs/node_mo ...
+ ~~~~~~~~~~~~~~~~~~~~~~~~~~~~~~~~~~~~~~~~~~~~~~~~~~~~~~~~~~~~~~~~~~~~~
    + CategoryInfo          : NotSpecified: (ts-jest[ts-jest...ated. Please do:String) [], Remo 
   teException
    + FullyQualifiedErrorId : NativeCommandError
 
transform: {
    <transform_regex>: ['ts-jest', { /* ts-jest config goes here in Jest */ }],
},
See more at https://kulshekhar.github.io/ts-jest/docs/getting-started/presets#advanced
FAIL components/deploy/__tests__/DeployStatus.test.tsx
  ÔùÅ Console

    console.error
      Warning: An update to DeployStatus inside a test was not wrapped in act(...).
      
      When testing, code that causes React state updates should be wrapped into act(...):
      
      act(() => {
        /* fire events that update state */
      });
      /* assert on the output */
      
      This ensures that you're testing the behavior the user would see in the browser. Learn 
more at https://reactjs.org/link/wrap-tests-with-act
          at DeployStatus (C:\Users\rafae\Desktop\PROJETOS DE ESTUDOS\PROJETO P├üGINAS DO 
COMERCIO LOCAL\PAGINAS PARA O COMERCIO APP\components\deploy\DeployStatus.tsx:21:32)

    [0m [90m 43 |[39m       }
     [90m 44 |[39m
    [31m[1m>[22m[39m[90m 45 |[39m       
setDeployment(data[33m.[39mdeployment)[33m;[39m
     [90m    |[39m       [31m[1m^[22m[39m
     [90m 46 |[39m     } [36mcatch[39m (err[33m:[39m unknown) {
     [90m 47 |[39m       [36mconst[39m msg [33m=[39m err [36minstanceof[39m 
[33mError[39m [33m?[39m err[33m.[39mmessage [33m:[39m [32m"Erro 
inesperado"[39m[33m;[39m
     [90m 48 |[39m       setError(msg)[33m;[39m[0m

      at printWarning (node_modules/react-dom/cjs/react-dom.development.js:86:30)
      at error (node_modules/react-dom/cjs/react-dom.development.js:60:7)
      at warnIfUpdatesNotWrappedWithActDEV 
(node_modules/react-dom/cjs/react-dom.development.js:27628:9)
      at scheduleUpdateOnFiber (node_modules/react-dom/cjs/react-dom.development.js:25547:5)
      at dispatchSetState (node_modules/react-dom/cjs/react-dom.development.js:16708:7)
      at fetchStatus (components/deploy/DeployStatus.tsx:45:7)

    console.error
      Warning: An update to DeployStatus inside a test was not wrapped in act(...).
      
      When testing, code that causes React state updates should be wrapped into act(...):
      
      act(() => {
        /* fire events that update state */
      });
      /* assert on the output */
      
      This ensures that you're testing the behavior the user would see in the browser. Learn 
more at https://reactjs.org/link/wrap-tests-with-act
          at DeployStatus (C:\Users\rafae\Desktop\PROJETOS DE ESTUDOS\PROJETO P├üGINAS DO 
COMERCIO LOCAL\PAGINAS PARA O COMERCIO APP\components\deploy\DeployStatus.tsx:21:32)

    [0m [90m 48 |[39m       setError(msg)[33m;[39m
     [90m 49 |[39m     } [36mfinally[39m {
    [31m[1m>[22m[39m[90m 50 |[39m       setLoading([36mfalse[39m)[33m;[39m
     [90m    |[39m       [31m[1m^[22m[39m
     [90m 51 |[39m     }
     [90m 52 |[39m   }
     [90m 53 |[39m[0m

      at printWarning (node_modules/react-dom/cjs/react-dom.development.js:86:30)
      at error (node_modules/react-dom/cjs/react-dom.development.js:60:7)
      at warnIfUpdatesNotWrappedWithActDEV 
(node_modules/react-dom/cjs/react-dom.development.js:27628:9)
      at scheduleUpdateOnFiber (node_modules/react-dom/cjs/react-dom.development.js:25547:5)
      at dispatchSetState (node_modules/react-dom/cjs/react-dom.development.js:16708:7)
      at fetchStatus (components/deploy/DeployStatus.tsx:50:7)

  ÔùÅ DeployStatus Component ÔÇ║ should render deployment status

    expect(received).toContain(expected) // indexOf

    Expected substring: "deploy"
    Received string:    "<div><div class=\"rounded-lg border border-slate-700 bg-slate-900/60 
p-4 text-xs text-slate-300\"><div class=\"flex items-center gap-2\"><div class=\"h-3 w-3 
animate-spin rounded-full border-2 border-slate-500 border-t-slate-300\"></div>Carregando 
status...</div></div></div>"

    [0m [90m 36 |[39m
     [90m 37 |[39m     [90m// Apenas validar que renderizou sem crash[39m
    [31m[1m>[22m[39m[90m 38 |[39m     expect(document[33m.[39mbody[33m.[39minnerHTML)
[33m.[39mtoContain([32m'deploy'[39m)[33m;[39m
     [90m    |[39m                                     [31m[1m^[22m[39m
     [90m 39 |[39m   })[33m;[39m
     [90m 40 |[39m
     [90m 41 |[39m   it([32m'should display status badges correctly'[39m[33m,[39m 
[36masync[39m () [33m=>[39m {[0m

      at Object.<anonymous> (components/deploy/__tests__/DeployStatus.test.tsx:38:37)

PASS components/deploy/__tests__/DeployTimeline.test.tsx
  ÔùÅ Console

    console.error
      Warning: An update to DeployTimeline inside a test was not wrapped in act(...).
      
      When testing, code that causes React state updates should be wrapped into act(...):
      
      act(() => {
        /* fire events that update state */
      });
      /* assert on the output */
      
      This ensures that you're testing the behavior the user would see in the browser. Learn 
more at https://reactjs.org/link/wrap-tests-with-act
          at DeployTimeline (C:\Users\rafae\Desktop\PROJETOS DE ESTUDOS\PROJETO P├üGINAS DO 
COMERCIO LOCAL\PAGINAS PARA O COMERCIO APP\components\deploy\DeployTimeline.tsx:21:3)

    [0m [90m 43 |[39m     } [36mcatch[39m (err[33m:[39m unknown) {
     [90m 44 |[39m       [36mconst[39m msg [33m=[39m err [36minstanceof[39m 
[33mError[39m [33m?[39m err[33m.[39mmessage [33m:[39m [32m"Erro 
inesperado"[39m[33m;[39m
    [31m[1m>[22m[39m[90m 45 |[39m       setError(msg)[33m;[39m
     [90m    |[39m       [31m[1m^[22m[39m
     [90m 46 |[39m     } [36mfinally[39m {
     [90m 47 |[39m       setLoading([36mfalse[39m)[33m;[39m
     [90m 48 |[39m     }[0m

      at printWarning (node_modules/react-dom/cjs/react-dom.development.js:86:30)
      at error (node_modules/react-dom/cjs/react-dom.development.js:60:7)
      at warnIfUpdatesNotWrappedWithActDEV 
(node_modules/react-dom/cjs/react-dom.development.js:27628:9)
      at scheduleUpdateOnFiber (node_modules/react-dom/cjs/react-dom.development.js:25547:5)
      at dispatchSetState (node_modules/react-dom/cjs/react-dom.development.js:16708:7)
      at fetchHistory (components/deploy/DeployTimeline.tsx:45:7)

    console.error
      Warning: An update to DeployTimeline inside a test was not wrapped in act(...).
      
      When testing, code that causes React state updates should be wrapped into act(...):
      
      act(() => {
        /* fire events that update state */
      });
      /* assert on the output */
      
      This ensures that you're testing the behavior the user would see in the browser. Learn 
more at https://reactjs.org/link/wrap-tests-with-act
          at DeployTimeline (C:\Users\rafae\Desktop\PROJETOS DE ESTUDOS\PROJETO P├üGINAS DO 
COMERCIO LOCAL\PAGINAS PARA O COMERCIO APP\components\deploy\DeployTimeline.tsx:21:3)

    [0m [90m 45 |[39m       setError(msg)[33m;[39m
     [90m 46 |[39m     } [36mfinally[39m {
    [31m[1m>[22m[39m[90m 47 |[39m       setLoading([36mfalse[39m)[33m;[39m
     [90m    |[39m       [31m[1m^[22m[39m
     [90m 48 |[39m     }
     [90m 49 |[39m   }
     [90m 50 |[39m[0m

      at printWarning (node_modules/react-dom/cjs/react-dom.development.js:86:30)
      at error (node_modules/react-dom/cjs/react-dom.development.js:60:7)
      at warnIfUpdatesNotWrappedWithActDEV 
(node_modules/react-dom/cjs/react-dom.development.js:27628:9)
      at scheduleUpdateOnFiber (node_modules/react-dom/cjs/react-dom.development.js:25547:5)
      at dispatchSetState (node_modules/react-dom/cjs/react-dom.development.js:16708:7)
      at fetchHistory (components/deploy/DeployTimeline.tsx:47:7)

    console.error
      Warning: An update to DeployTimeline inside a test was not wrapped in act(...).
      
      When testing, code that causes React state updates should be wrapped into act(...):
      
      act(() => {
        /* fire events that update state */
      });
      /* assert on the output */
      
      This ensures that you're testing the behavior the user would see in the browser. Learn 
more at https://reactjs.org/link/wrap-tests-with-act
          at DeployTimeline (C:\Users\rafae\Desktop\PROJETOS DE ESTUDOS\PROJETO P├üGINAS DO 
COMERCIO LOCAL\PAGINAS PARA O COMERCIO APP\components\deploy\DeployTimeline.tsx:21:3)

    [0m [90m 43 |[39m     } [36mcatch[39m (err[33m:[39m unknown) {
     [90m 44 |[39m       [36mconst[39m msg [33m=[39m err [36minstanceof[39m 
[33mError[39m [33m?[39m err[33m.[39mmessage [33m:[39m [32m"Erro 
inesperado"[39m[33m;[39m
    [31m[1m>[22m[39m[90m 45 |[39m       setError(msg)[33m;[39m
     [90m    |[39m       [31m[1m^[22m[39m
     [90m 46 |[39m     } [36mfinally[39m {
     [90m 47 |[39m       setLoading([36mfalse[39m)[33m;[39m
     [90m 48 |[39m     }[0m

      at printWarning (node_modules/react-dom/cjs/react-dom.development.js:86:30)
      at error (node_modules/react-dom/cjs/react-dom.development.js:60:7)
      at warnIfUpdatesNotWrappedWithActDEV 
(node_modules/react-dom/cjs/react-dom.development.js:27628:9)
      at scheduleUpdateOnFiber (node_modules/react-dom/cjs/react-dom.development.js:25547:5)
      at dispatchSetState (node_modules/react-dom/cjs/react-dom.development.js:16708:7)
      at fetchHistory (components/deploy/DeployTimeline.tsx:45:7)

    console.error
      Warning: An update to DeployTimeline inside a test was not wrapped in act(...).
      
      When testing, code that causes React state updates should be wrapped into act(...):
      
      act(() => {
        /* fire events that update state */
      });
      /* assert on the output */
      
      This ensures that you're testing the behavior the user would see in the browser. Learn 
more at https://reactjs.org/link/wrap-tests-with-act
          at DeployTimeline (C:\Users\rafae\Desktop\PROJETOS DE ESTUDOS\PROJETO P├üGINAS DO 
COMERCIO LOCAL\PAGINAS PARA O COMERCIO APP\components\deploy\DeployTimeline.tsx:21:3)

    [0m [90m 45 |[39m       setError(msg)[33m;[39m
     [90m 46 |[39m     } [36mfinally[39m {
    [31m[1m>[22m[39m[90m 47 |[39m       setLoading([36mfalse[39m)[33m;[39m
     [90m    |[39m       [31m[1m^[22m[39m
     [90m 48 |[39m     }
     [90m 49 |[39m   }
     [90m 50 |[39m[0m

      at printWarning (node_modules/react-dom/cjs/react-dom.development.js:86:30)
      at error (node_modules/react-dom/cjs/react-dom.development.js:60:7)
      at warnIfUpdatesNotWrappedWithActDEV 
(node_modules/react-dom/cjs/react-dom.development.js:27628:9)
      at scheduleUpdateOnFiber (node_modules/react-dom/cjs/react-dom.development.js:25547:5)
      at dispatchSetState (node_modules/react-dom/cjs/react-dom.development.js:16708:7)
      at fetchHistory (components/deploy/DeployTimeline.tsx:47:7)

    console.error
      Warning: An update to DeployTimeline inside a test was not wrapped in act(...).
      
      When testing, code that causes React state updates should be wrapped into act(...):
      
      act(() => {
        /* fire events that update state */
      });
      /* assert on the output */
      
      This ensures that you're testing the behavior the user would see in the browser. Learn 
more at https://reactjs.org/link/wrap-tests-with-act
          at DeployTimeline (C:\Users\rafae\Desktop\PROJETOS DE ESTUDOS\PROJETO P├üGINAS DO 
COMERCIO LOCAL\PAGINAS PARA O COMERCIO APP\components\deploy\DeployTimeline.tsx:21:3)

    [0m [90m 43 |[39m     } [36mcatch[39m (err[33m:[39m unknown) {
     [90m 44 |[39m       [36mconst[39m msg [33m=[39m err [36minstanceof[39m 
[33mError[39m [33m?[39m err[33m.[39mmessage [33m:[39m [32m"Erro 
inesperado"[39m[33m;[39m
    [31m[1m>[22m[39m[90m 45 |[39m       setError(msg)[33m;[39m
     [90m    |[39m       [31m[1m^[22m[39m
     [90m 46 |[39m     } [36mfinally[39m {
     [90m 47 |[39m       setLoading([36mfalse[39m)[33m;[39m
     [90m 48 |[39m     }[0m

      at printWarning (node_modules/react-dom/cjs/react-dom.development.js:86:30)
      at error (node_modules/react-dom/cjs/react-dom.development.js:60:7)
      at warnIfUpdatesNotWrappedWithActDEV 
(node_modules/react-dom/cjs/react-dom.development.js:27628:9)
      at scheduleUpdateOnFiber (node_modules/react-dom/cjs/react-dom.development.js:25547:5)
      at dispatchSetState (node_modules/react-dom/cjs/react-dom.development.js:16708:7)
      at fetchHistory (components/deploy/DeployTimeline.tsx:45:7)

    console.error
      Warning: An update to DeployTimeline inside a test was not wrapped in act(...).
      
      When testing, code that causes React state updates should be wrapped into act(...):
      
      act(() => {
        /* fire events that update state */
      });
      /* assert on the output */
      
      This ensures that you're testing the behavior the user would see in the browser. Learn 
more at https://reactjs.org/link/wrap-tests-with-act
          at DeployTimeline (C:\Users\rafae\Desktop\PROJETOS DE ESTUDOS\PROJETO P├üGINAS DO 
COMERCIO LOCAL\PAGINAS PARA O COMERCIO APP\components\deploy\DeployTimeline.tsx:21:3)

    [0m [90m 45 |[39m       setError(msg)[33m;[39m
     [90m 46 |[39m     } [36mfinally[39m {
    [31m[1m>[22m[39m[90m 47 |[39m       setLoading([36mfalse[39m)[33m;[39m
     [90m    |[39m       [31m[1m^[22m[39m
     [90m 48 |[39m     }
     [90m 49 |[39m   }
     [90m 50 |[39m[0m

      at printWarning (node_modules/react-dom/cjs/react-dom.development.js:86:30)
      at error (node_modules/react-dom/cjs/react-dom.development.js:60:7)
      at warnIfUpdatesNotWrappedWithActDEV 
(node_modules/react-dom/cjs/react-dom.development.js:27628:9)
      at scheduleUpdateOnFiber (node_modules/react-dom/cjs/react-dom.development.js:25547:5)
      at dispatchSetState (node_modules/react-dom/cjs/react-dom.development.js:16708:7)
      at fetchHistory (components/deploy/DeployTimeline.tsx:47:7)

    console.error
      Warning: An update to DeployTimeline inside a test was not wrapped in act(...).
      
      When testing, code that causes React state updates should be wrapped into act(...):
      
      act(() => {
        /* fire events that update state */
      });
      /* assert on the output */
      
      This ensures that you're testing the behavior the user would see in the browser. Learn 
more at https://reactjs.org/link/wrap-tests-with-act
          at DeployTimeline (C:\Users\rafae\Desktop\PROJETOS DE ESTUDOS\PROJETO P├üGINAS DO 
COMERCIO LOCAL\PAGINAS PARA O COMERCIO APP\components\deploy\DeployTimeline.tsx:21:3)

    [0m [90m 43 |[39m     } [36mcatch[39m (err[33m:[39m unknown) {
     [90m 44 |[39m       [36mconst[39m msg [33m=[39m err [36minstanceof[39m 
[33mError[39m [33m?[39m err[33m.[39mmessage [33m:[39m [32m"Erro 
inesperado"[39m[33m;[39m
    [31m[1m>[22m[39m[90m 45 |[39m       setError(msg)[33m;[39m
     [90m    |[39m       [31m[1m^[22m[39m
     [90m 46 |[39m     } [36mfinally[39m {
     [90m 47 |[39m       setLoading([36mfalse[39m)[33m;[39m
     [90m 48 |[39m     }[0m

      at printWarning (node_modules/react-dom/cjs/react-dom.development.js:86:30)
      at error (node_modules/react-dom/cjs/react-dom.development.js:60:7)
      at warnIfUpdatesNotWrappedWithActDEV 
(node_modules/react-dom/cjs/react-dom.development.js:27628:9)
      at scheduleUpdateOnFiber (node_modules/react-dom/cjs/react-dom.development.js:25547:5)
      at dispatchSetState (node_modules/react-dom/cjs/react-dom.development.js:16708:7)
      at fetchHistory (components/deploy/DeployTimeline.tsx:45:7)

    console.error
      Warning: An update to DeployTimeline inside a test was not wrapped in act(...).
      
      When testing, code that causes React state updates should be wrapped into act(...):
      
      act(() => {
        /* fire events that update state */
      });
      /* assert on the output */
      
      This ensures that you're testing the behavior the user would see in the browser. Learn 
more at https://reactjs.org/link/wrap-tests-with-act
          at DeployTimeline (C:\Users\rafae\Desktop\PROJETOS DE ESTUDOS\PROJETO P├üGINAS DO 
COMERCIO LOCAL\PAGINAS PARA O COMERCIO APP\components\deploy\DeployTimeline.tsx:21:3)

    [0m [90m 45 |[39m       setError(msg)[33m;[39m
     [90m 46 |[39m     } [36mfinally[39m {
    [31m[1m>[22m[39m[90m 47 |[39m       setLoading([36mfalse[39m)[33m;[39m
     [90m    |[39m       [31m[1m^[22m[39m
     [90m 48 |[39m     }
     [90m 49 |[39m   }
     [90m 50 |[39m[0m

      at printWarning (node_modules/react-dom/cjs/react-dom.development.js:86:30)
      at error (node_modules/react-dom/cjs/react-dom.development.js:60:7)
      at warnIfUpdatesNotWrappedWithActDEV 
(node_modules/react-dom/cjs/react-dom.development.js:27628:9)
      at scheduleUpdateOnFiber (node_modules/react-dom/cjs/react-dom.development.js:25547:5)
      at dispatchSetState (node_modules/react-dom/cjs/react-dom.development.js:16708:7)
      at fetchHistory (components/deploy/DeployTimeline.tsx:47:7)

    console.error
      Warning: An update to DeployTimeline inside a test was not wrapped in act(...).
      
      When testing, code that causes React state updates should be wrapped into act(...):
      
      act(() => {
        /* fire events that update state */
      });
      /* assert on the output */
      
      This ensures that you're testing the behavior the user would see in the browser. Learn 
more at https://reactjs.org/link/wrap-tests-with-act
          at DeployTimeline (C:\Users\rafae\Desktop\PROJETOS DE ESTUDOS\PROJETO P├üGINAS DO 
COMERCIO LOCAL\PAGINAS PARA O COMERCIO APP\components\deploy\DeployTimeline.tsx:21:3)

    [0m [90m 43 |[39m     } [36mcatch[39m (err[33m:[39m unknown) {
     [90m 44 |[39m       [36mconst[39m msg [33m=[39m err [36minstanceof[39m 
[33mError[39m [33m?[39m err[33m.[39mmessage [33m:[39m [32m"Erro 
inesperado"[39m[33m;[39m
    [31m[1m>[22m[39m[90m 45 |[39m       setError(msg)[33m;[39m
     [90m    |[39m       [31m[1m^[22m[39m
     [90m 46 |[39m     } [36mfinally[39m {
     [90m 47 |[39m       setLoading([36mfalse[39m)[33m;[39m
     [90m 48 |[39m     }[0m

      at printWarning (node_modules/react-dom/cjs/react-dom.development.js:86:30)
      at error (node_modules/react-dom/cjs/react-dom.development.js:60:7)
      at warnIfUpdatesNotWrappedWithActDEV 
(node_modules/react-dom/cjs/react-dom.development.js:27628:9)
      at scheduleUpdateOnFiber (node_modules/react-dom/cjs/react-dom.development.js:25547:5)
      at dispatchSetState (node_modules/react-dom/cjs/react-dom.development.js:16708:7)
      at fetchHistory (components/deploy/DeployTimeline.tsx:45:7)

    console.error
      Warning: An update to DeployTimeline inside a test was not wrapped in act(...).
      
      When testing, code that causes React state updates should be wrapped into act(...):
      
      act(() => {
        /* fire events that update state */
      });
      /* assert on the output */
      
      This ensures that you're testing the behavior the user would see in the browser. Learn 
more at https://reactjs.org/link/wrap-tests-with-act
          at DeployTimeline (C:\Users\rafae\Desktop\PROJETOS DE ESTUDOS\PROJETO P├üGINAS DO 
COMERCIO LOCAL\PAGINAS PARA O COMERCIO APP\components\deploy\DeployTimeline.tsx:21:3)

    [0m [90m 45 |[39m       setError(msg)[33m;[39m
     [90m 46 |[39m     } [36mfinally[39m {
    [31m[1m>[22m[39m[90m 47 |[39m       setLoading([36mfalse[39m)[33m;[39m
     [90m    |[39m       [31m[1m^[22m[39m
     [90m 48 |[39m     }
     [90m 49 |[39m   }
     [90m 50 |[39m[0m

      at printWarning (node_modules/react-dom/cjs/react-dom.development.js:86:30)
      at error (node_modules/react-dom/cjs/react-dom.development.js:60:7)
      at warnIfUpdatesNotWrappedWithActDEV 
(node_modules/react-dom/cjs/react-dom.development.js:27628:9)
      at scheduleUpdateOnFiber (node_modules/react-dom/cjs/react-dom.development.js:25547:5)
      at dispatchSetState (node_modules/react-dom/cjs/react-dom.development.js:16708:7)
      at fetchHistory (components/deploy/DeployTimeline.tsx:47:7)

    console.error
      Warning: An update to DeployTimeline inside a test was not wrapped in act(...).
      
      When testing, code that causes React state updates should be wrapped into act(...):
      
      act(() => {
        /* fire events that update state */
      });
      /* assert on the output */
      
      This ensures that you're testing the behavior the user would see in the browser. Learn 
more at https://reactjs.org/link/wrap-tests-with-act
          at DeployTimeline (C:\Users\rafae\Desktop\PROJETOS DE ESTUDOS\PROJETO P├üGINAS DO 
COMERCIO LOCAL\PAGINAS PARA O COMERCIO APP\components\deploy\DeployTimeline.tsx:21:3)

    [0m [90m 43 |[39m     } [36mcatch[39m (err[33m:[39m unknown) {
     [90m 44 |[39m       [36mconst[39m msg [33m=[39m err [36minstanceof[39m 
[33mError[39m [33m?[39m err[33m.[39mmessage [33m:[39m [32m"Erro 
inesperado"[39m[33m;[39m
    [31m[1m>[22m[39m[90m 45 |[39m       setError(msg)[33m;[39m
     [90m    |[39m       [31m[1m^[22m[39m
     [90m 46 |[39m     } [36mfinally[39m {
     [90m 47 |[39m       setLoading([36mfalse[39m)[33m;[39m
     [90m 48 |[39m     }[0m

      at printWarning (node_modules/react-dom/cjs/react-dom.development.js:86:30)
      at error (node_modules/react-dom/cjs/react-dom.development.js:60:7)
      at warnIfUpdatesNotWrappedWithActDEV 
(node_modules/react-dom/cjs/react-dom.development.js:27628:9)
      at scheduleUpdateOnFiber (node_modules/react-dom/cjs/react-dom.development.js:25547:5)
      at dispatchSetState (node_modules/react-dom/cjs/react-dom.development.js:16708:7)
      at fetchHistory (components/deploy/DeployTimeline.tsx:45:7)

    console.error
      Warning: An update to DeployTimeline inside a test was not wrapped in act(...).
      
      When testing, code that causes React state updates should be wrapped into act(...):
      
      act(() => {
        /* fire events that update state */
      });
      /* assert on the output */
      
      This ensures that you're testing the behavior the user would see in the browser. Learn 
more at https://reactjs.org/link/wrap-tests-with-act
          at DeployTimeline (C:\Users\rafae\Desktop\PROJETOS DE ESTUDOS\PROJETO P├üGINAS DO 
COMERCIO LOCAL\PAGINAS PARA O COMERCIO APP\components\deploy\DeployTimeline.tsx:21:3)

    [0m [90m 45 |[39m       setError(msg)[33m;[39m
     [90m 46 |[39m     } [36mfinally[39m {
    [31m[1m>[22m[39m[90m 47 |[39m       setLoading([36mfalse[39m)[33m;[39m
     [90m    |[39m       [31m[1m^[22m[39m
     [90m 48 |[39m     }
     [90m 49 |[39m   }
     [90m 50 |[39m[0m

      at printWarning (node_modules/react-dom/cjs/react-dom.development.js:86:30)
      at error (node_modules/react-dom/cjs/react-dom.development.js:60:7)
      at warnIfUpdatesNotWrappedWithActDEV 
(node_modules/react-dom/cjs/react-dom.development.js:27628:9)
      at scheduleUpdateOnFiber (node_modules/react-dom/cjs/react-dom.development.js:25547:5)
      at dispatchSetState (node_modules/react-dom/cjs/react-dom.development.js:16708:7)
      at fetchHistory (components/deploy/DeployTimeline.tsx:47:7)

    console.error
      Warning: An update to DeployTimeline inside a test was not wrapped in act(...).
      
      When testing, code that causes React state updates should be wrapped into act(...):
      
      act(() => {
        /* fire events that update state */
      });
      /* assert on the output */
      
      This ensures that you're testing the behavior the user would see in the browser. Learn 
more at https://reactjs.org/link/wrap-tests-with-act
          at DeployTimeline (C:\Users\rafae\Desktop\PROJETOS DE ESTUDOS\PROJETO P├üGINAS DO 
COMERCIO LOCAL\PAGINAS PARA O COMERCIO APP\components\deploy\DeployTimeline.tsx:21:3)

    [0m [90m 43 |[39m     } [36mcatch[39m (err[33m:[39m unknown) {
     [90m 44 |[39m       [36mconst[39m msg [33m=[39m err [36minstanceof[39m 
[33mError[39m [33m?[39m err[33m.[39mmessage [33m:[39m [32m"Erro 
inesperado"[39m[33m;[39m
    [31m[1m>[22m[39m[90m 45 |[39m       setError(msg)[33m;[39m
     [90m    |[39m       [31m[1m^[22m[39m
     [90m 46 |[39m     } [36mfinally[39m {
     [90m 47 |[39m       setLoading([36mfalse[39m)[33m;[39m
     [90m 48 |[39m     }[0m

      at printWarning (node_modules/react-dom/cjs/react-dom.development.js:86:30)
      at error (node_modules/react-dom/cjs/react-dom.development.js:60:7)
      at warnIfUpdatesNotWrappedWithActDEV 
(node_modules/react-dom/cjs/react-dom.development.js:27628:9)
      at scheduleUpdateOnFiber (node_modules/react-dom/cjs/react-dom.development.js:25547:5)
      at dispatchSetState (node_modules/react-dom/cjs/react-dom.development.js:16708:7)
      at fetchHistory (components/deploy/DeployTimeline.tsx:45:7)

    console.error
      Warning: An update to DeployTimeline inside a test was not wrapped in act(...).
      
      When testing, code that causes React state updates should be wrapped into act(...):
      
      act(() => {
        /* fire events that update state */
      });
      /* assert on the output */
      
      This ensures that you're testing the behavior the user would see in the browser. Learn 
more at https://reactjs.org/link/wrap-tests-with-act
          at DeployTimeline (C:\Users\rafae\Desktop\PROJETOS DE ESTUDOS\PROJETO P├üGINAS DO 
COMERCIO LOCAL\PAGINAS PARA O COMERCIO APP\components\deploy\DeployTimeline.tsx:21:3)

    [0m [90m 45 |[39m       setError(msg)[33m;[39m
     [90m 46 |[39m     } [36mfinally[39m {
    [31m[1m>[22m[39m[90m 47 |[39m       setLoading([36mfalse[39m)[33m;[39m
     [90m    |[39m       [31m[1m^[22m[39m
     [90m 48 |[39m     }
     [90m 49 |[39m   }
     [90m 50 |[39m[0m

      at printWarning (node_modules/react-dom/cjs/react-dom.development.js:86:30)
      at error (node_modules/react-dom/cjs/react-dom.development.js:60:7)
      at warnIfUpdatesNotWrappedWithActDEV 
(node_modules/react-dom/cjs/react-dom.development.js:27628:9)
      at scheduleUpdateOnFiber (node_modules/react-dom/cjs/react-dom.development.js:25547:5)
      at dispatchSetState (node_modules/react-dom/cjs/react-dom.development.js:16708:7)
      at fetchHistory (components/deploy/DeployTimeline.tsx:47:7)

    console.error
      Warning: An update to DeployTimeline inside a test was not wrapped in act(...).
      
      When testing, code that causes React state updates should be wrapped into act(...):
      
      act(() => {
        /* fire events that update state */
      });
      /* assert on the output */
      
      This ensures that you're testing the behavior the user would see in the browser. Learn 
more at https://reactjs.org/link/wrap-tests-with-act
          at DeployTimeline (C:\Users\rafae\Desktop\PROJETOS DE ESTUDOS\PROJETO P├üGINAS DO 
COMERCIO LOCAL\PAGINAS PARA O COMERCIO APP\components\deploy\DeployTimeline.tsx:21:3)

    [0m [90m 43 |[39m     } [36mcatch[39m (err[33m:[39m unknown) {
     [90m 44 |[39m       [36mconst[39m msg [33m=[39m err [36minstanceof[39m 
[33mError[39m [33m?[39m err[33m.[39mmessage [33m:[39m [32m"Erro 
inesperado"[39m[33m;[39m
    [31m[1m>[22m[39m[90m 45 |[39m       setError(msg)[33m;[39m
     [90m    |[39m       [31m[1m^[22m[39m
     [90m 46 |[39m     } [36mfinally[39m {
     [90m 47 |[39m       setLoading([36mfalse[39m)[33m;[39m
     [90m 48 |[39m     }[0m

      at printWarning (node_modules/react-dom/cjs/react-dom.development.js:86:30)
      at error (node_modules/react-dom/cjs/react-dom.development.js:60:7)
      at warnIfUpdatesNotWrappedWithActDEV 
(node_modules/react-dom/cjs/react-dom.development.js:27628:9)
      at scheduleUpdateOnFiber (node_modules/react-dom/cjs/react-dom.development.js:25547:5)
      at dispatchSetState (node_modules/react-dom/cjs/react-dom.development.js:16708:7)
      at fetchHistory (components/deploy/DeployTimeline.tsx:45:7)

    console.error
      Warning: An update to DeployTimeline inside a test was not wrapped in act(...).
      
      When testing, code that causes React state updates should be wrapped into act(...):
      
      act(() => {
        /* fire events that update state */
      });
      /* assert on the output */
      
      This ensures that you're testing the behavior the user would see in the browser. Learn 
more at https://reactjs.org/link/wrap-tests-with-act
          at DeployTimeline (C:\Users\rafae\Desktop\PROJETOS DE ESTUDOS\PROJETO P├üGINAS DO 
COMERCIO LOCAL\PAGINAS PARA O COMERCIO APP\components\deploy\DeployTimeline.tsx:21:3)

    [0m [90m 45 |[39m       setError(msg)[33m;[39m
     [90m 46 |[39m     } [36mfinally[39m {
    [31m[1m>[22m[39m[90m 47 |[39m       setLoading([36mfalse[39m)[33m;[39m
     [90m    |[39m       [31m[1m^[22m[39m
     [90m 48 |[39m     }
     [90m 49 |[39m   }
     [90m 50 |[39m[0m

      at printWarning (node_modules/react-dom/cjs/react-dom.development.js:86:30)
      at error (node_modules/react-dom/cjs/react-dom.development.js:60:7)
      at warnIfUpdatesNotWrappedWithActDEV 
(node_modules/react-dom/cjs/react-dom.development.js:27628:9)
      at scheduleUpdateOnFiber (node_modules/react-dom/cjs/react-dom.development.js:25547:5)
      at dispatchSetState (node_modules/react-dom/cjs/react-dom.development.js:16708:7)
      at fetchHistory (components/deploy/DeployTimeline.tsx:47:7)

PASS components/deploy/__tests__/DeployPreviewLink.test.tsx
  ÔùÅ Console

    console.error
      Warning: An update to DeployPreviewLink inside a test was not wrapped in act(...).
      
      When testing, code that causes React state updates should be wrapped into act(...):
      
      act(() => {
        /* fire events that update state */
      });
      /* assert on the output */
      
      This ensures that you're testing the behavior the user would see in the browser. Learn 
more at https://reactjs.org/link/wrap-tests-with-act
          at DeployPreviewLink (C:\Users\rafae\Desktop\PROJETOS DE ESTUDOS\PROJETO P├üGINAS DO 
COMERCIO LOCAL\PAGINAS PARA O COMERCIO APP\components\deploy\DeployPreviewLink.tsx:13:3)

    [0m [90m 41 |[39m       
onPreviewGenerated[33m?[39m[33m.[39m(data[33m.[39mpreviewUrl)[33m;[39m
     [90m 42 |[39m     } [36mcatch[39m (err[33m:[39m any) {
    [31m[1m>[22m[39m[90m 43 |[39m       setError(err[33m?[39m[33m.[39mmessage 
[33m?[39m[33m?[39m [32m"Erro desconhecido"[39m)[33m;[39m
     [90m    |[39m       [31m[1m^[22m[39m
     [90m 44 |[39m     } [36mfinally[39m {
     [90m 45 |[39m       setIsGenerating([36mfalse[39m)[33m;[39m
     [90m 46 |[39m     }[0m

      at printWarning (node_modules/react-dom/cjs/react-dom.development.js:86:30)
      at error (node_modules/react-dom/cjs/react-dom.development.js:60:7)
      at warnIfUpdatesNotWrappedWithActDEV 
(node_modules/react-dom/cjs/react-dom.development.js:27628:9)
      at scheduleUpdateOnFiber (node_modules/react-dom/cjs/react-dom.development.js:25547:5)
      at dispatchSetState (node_modules/react-dom/cjs/react-dom.development.js:16708:7)
      at handleGeneratePreview (components/deploy/DeployPreviewLink.tsx:43:7)

    console.error
      Warning: An update to DeployPreviewLink inside a test was not wrapped in act(...).
      
      When testing, code that causes React state updates should be wrapped into act(...):
      
      act(() => {
        /* fire events that update state */
      });
      /* assert on the output */
      
      This ensures that you're testing the behavior the user would see in the browser. Learn 
more at https://reactjs.org/link/wrap-tests-with-act
          at DeployPreviewLink (C:\Users\rafae\Desktop\PROJETOS DE ESTUDOS\PROJETO P├üGINAS DO 
COMERCIO LOCAL\PAGINAS PARA O COMERCIO APP\components\deploy\DeployPreviewLink.tsx:13:3)

    [0m [90m 43 |[39m       setError(err[33m?[39m[33m.[39mmessage [33m?[39m[33m?[39m 
[32m"Erro desconhecido"[39m)[33m;[39m
     [90m 44 |[39m     } [36mfinally[39m {
    [31m[1m>[22m[39m[90m 45 |[39m       setIsGenerating([36mfalse[39m)[33m;[39m
     [90m    |[39m       [31m[1m^[22m[39m
     [90m 46 |[39m     }
     [90m 47 |[39m   }
     [90m 48 |[39m[0m

      at printWarning (node_modules/react-dom/cjs/react-dom.development.js:86:30)
      at error (node_modules/react-dom/cjs/react-dom.development.js:60:7)
      at warnIfUpdatesNotWrappedWithActDEV 
(node_modules/react-dom/cjs/react-dom.development.js:27628:9)
      at scheduleUpdateOnFiber (node_modules/react-dom/cjs/react-dom.development.js:25547:5)
      at dispatchSetState (node_modules/react-dom/cjs/react-dom.development.js:16708:7)
      at handleGeneratePreview (components/deploy/DeployPreviewLink.tsx:45:7)


Test Suites: 1 failed, 2 passed, 3 total
Tests:       1 failed, 23 passed, 24 total
Snapshots:   0 total
Time:        2.764 s
Ran all test suites matching /DeployTimeline|DeployStatus|DeployPreviewLink/i.
