
> paginas-comercio-local@0.1.0 test
> jest --passWithNoTests

node.exe : ts-jest[ts-jest-transformer] (WARN) Define `ts-jest` config under `globals` is 
deprecated. Please do
No linha:1 caractere:1
+ & "C:\Program Files\nodejs/node.exe" "C:\Program Files\nodejs/node_mo ...
+ ~~~~~~~~~~~~~~~~~~~~~~~~~~~~~~~~~~~~~~~~~~~~~~~~~~~~~~~~~~~~~~~~~~~~~
    + CategoryInfo          : NotSpecified: (ts-jest[ts-jest...ated. Please do:String) [], 
    RemoteException
    + FullyQualifiedErrorId : NativeCommandError
 
transform: {
    <transform_regex>: ['ts-jest', { /* ts-jest config goes here in Jest */ }],
},
See more at https://kulshekhar.github.io/ts-jest/docs/getting-started/presets#advanced
ts-jest[ts-jest-transformer] (WARN) Define `ts-jest` config under `globals` is deprecated. 
Please do
transform: {
    <transform_regex>: ['ts-jest', { /* ts-jest config goes here in Jest */ }],
},
See more at https://kulshekhar.github.io/ts-jest/docs/getting-started/presets#advanced
ts-jest[ts-jest-transformer] (WARN) Define `ts-jest` config under `globals` is deprecated. 
Please do
transform: {
    <transform_regex>: ['ts-jest', { /* ts-jest config goes here in Jest */ }],
},
See more at https://kulshekhar.github.io/ts-jest/docs/getting-started/presets#advanced
ts-jest[ts-jest-transformer] (WARN) Define `ts-jest` config under `globals` is deprecated. 
Please do
transform: {
    <transform_regex>: ['ts-jest', { /* ts-jest config goes here in Jest */ }],
},
See more at https://kulshekhar.github.io/ts-jest/docs/getting-started/presets#advanced
ts-jest[ts-jest-transformer] (WARN) Define `ts-jest` config under `globals` is deprecated. 
Please do
transform: {
    <transform_regex>: ['ts-jest', { /* ts-jest config goes here in Jest */ }],
},
See more at https://kulshekhar.github.io/ts-jest/docs/getting-started/presets#advanced
ts-jest[ts-jest-transformer] (WARN) Define `ts-jest` config under `globals` is deprecated. 
Please do
transform: {
    <transform_regex>: ['ts-jest', { /* ts-jest config goes here in Jest */ }],
},
See more at https://kulshekhar.github.io/ts-jest/docs/getting-started/presets#advanced
ts-jest[ts-jest-transformer] (WARN) Define `ts-jest` config under `globals` is deprecated. 
Please do
transform: {
    <transform_regex>: ['ts-jest', { /* ts-jest config goes here in Jest */ }],
},
See more at https://kulshekhar.github.io/ts-jest/docs/getting-started/presets#advanced
ts-jest[ts-jest-transformer] (WARN) Define `ts-jest` config under `globals` is deprecated. 
Please do
transform: {
    <transform_regex>: ['ts-jest', { /* ts-jest config goes here in Jest */ }],
},
See more at https://kulshekhar.github.io/ts-jest/docs/getting-started/presets#advanced
ts-jest[ts-jest-transformer] (WARN) Define `ts-jest` config under `globals` is deprecated. 
Please do
transform: {
    <transform_regex>: ['ts-jest', { /* ts-jest config goes here in Jest */ }],
},
See more at https://kulshekhar.github.io/ts-jest/docs/getting-started/presets#advanced
ts-jest[ts-jest-transformer] (WARN) Define `ts-jest` config under `globals` is deprecated. 
Please do
transform: {
    <transform_regex>: ['ts-jest', { /* ts-jest config goes here in Jest */ }],
},
See more at https://kulshekhar.github.io/ts-jest/docs/getting-started/presets#advanced
ts-jest[ts-jest-transformer] (WARN) Define `ts-jest` config under `globals` is deprecated. 
Please do
transform: {
    <transform_regex>: ['ts-jest', { /* ts-jest config goes here in Jest */ }],
},
See more at https://kulshekhar.github.io/ts-jest/docs/getting-started/presets#advanced
PASS lib/__tests__/user-update.route.test.ts
PASS lib/__tests__/seo-validation.test.ts
PASS __tests__/services/page-service.test.ts
PASS __tests__/integration/billing-rate-limit.test.ts
FAIL __tests__/security/bfla-admin.test.ts
  ÔùÅ PATCH #2: BFLA Prevention - Admin Endpoints ÔÇ║ POST /api/admin/vip - Create VIP 
Store ÔÇ║ should reject unauthenticated requests with 401

    TypeError: Cannot set property url of #<NextRequest> which has only a getter

    [0m [90m  8 |[39m   global[33m.[39m[33mRequest[39m [33m=[39m [36mclass[39m 
[33mRequest[39m {
     [90m  9 |[39m     constructor(input[33m,[39m init) {
    [31m[1m>[22m[39m[90m 10 |[39m       [36mthis[39m[33m.[39murl [33m=[39m 
[36mtypeof[39m input [33m===[39m [32m'string'[39m [33m?[39m input [33m:[39m 
input[33m.[39murl[33m;[39m
     [90m    |[39m                [31m[1m^[22m[39m
     [90m 11 |[39m       [36mthis[39m[33m.[39mmethod [33m=[39m 
init[33m?[39m[33m.[39mmethod [33m||[39m [32m'GET'[39m[33m;[39m
     [90m 12 |[39m       [36mthis[39m[33m.[39mheaders [33m=[39m 
init[33m?[39m[33m.[39mheaders [33m||[39m {}[33m;[39m
     [90m 13 |[39m       [36mthis[39m[33m.[39mbody [33m=[39m 
init[33m?[39m[33m.[39mbody [33m||[39m [36mnull[39m[33m;[39m[0m

      at new Request (jest.setup.js:10:16)
      at new NextRequest (node_modules/next/src/server/web/spec-extension/request.ts:29:10)
      at Object.<anonymous> (__tests__/security/bfla-admin.test.ts:26:23)

  ÔùÅ PATCH #2: BFLA Prevention - Admin Endpoints ÔÇ║ POST /api/admin/vip - Create VIP 
Store ÔÇ║ should reject non-superadmin users with 403

    TypeError: Cannot set property url of #<NextRequest> which has only a getter

    [0m [90m  8 |[39m   global[33m.[39m[33mRequest[39m [33m=[39m [36mclass[39m 
[33mRequest[39m {
     [90m  9 |[39m     constructor(input[33m,[39m init) {
    [31m[1m>[22m[39m[90m 10 |[39m       [36mthis[39m[33m.[39murl [33m=[39m 
[36mtypeof[39m input [33m===[39m [32m'string'[39m [33m?[39m input [33m:[39m 
input[33m.[39murl[33m;[39m
     [90m    |[39m                [31m[1m^[22m[39m
     [90m 11 |[39m       [36mthis[39m[33m.[39mmethod [33m=[39m 
init[33m?[39m[33m.[39mmethod [33m||[39m [32m'GET'[39m[33m;[39m
     [90m 12 |[39m       [36mthis[39m[33m.[39mheaders [33m=[39m 
init[33m?[39m[33m.[39mheaders [33m||[39m {}[33m;[39m
     [90m 13 |[39m       [36mthis[39m[33m.[39mbody [33m=[39m 
init[33m?[39m[33m.[39mbody [33m||[39m [36mnull[39m[33m;[39m[0m

      at new Request (jest.setup.js:10:16)
      at new NextRequest (node_modules/next/src/server/web/spec-extension/request.ts:29:10)
      at Object.<anonymous> (__tests__/security/bfla-admin.test.ts:54:23)

  ÔùÅ PATCH #2: BFLA Prevention - Admin Endpoints ÔÇ║ POST /api/admin/vip - Create VIP 
Store ÔÇ║ should accept superadmin requests

    TypeError: Cannot set property url of #<NextRequest> which has only a getter

    [0m [90m  8 |[39m   global[33m.[39m[33mRequest[39m [33m=[39m [36mclass[39m 
[33mRequest[39m {
     [90m  9 |[39m     constructor(input[33m,[39m init) {
    [31m[1m>[22m[39m[90m 10 |[39m       [36mthis[39m[33m.[39murl [33m=[39m 
[36mtypeof[39m input [33m===[39m [32m'string'[39m [33m?[39m input [33m:[39m 
input[33m.[39murl[33m;[39m
     [90m    |[39m                [31m[1m^[22m[39m
     [90m 11 |[39m       [36mthis[39m[33m.[39mmethod [33m=[39m 
init[33m?[39m[33m.[39mmethod [33m||[39m [32m'GET'[39m[33m;[39m
     [90m 12 |[39m       [36mthis[39m[33m.[39mheaders [33m=[39m 
init[33m?[39m[33m.[39mheaders [33m||[39m {}[33m;[39m
     [90m 13 |[39m       [36mthis[39m[33m.[39mbody [33m=[39m 
init[33m?[39m[33m.[39mbody [33m||[39m [36mnull[39m[33m;[39m[0m

      at new Request (jest.setup.js:10:16)
      at new NextRequest (node_modules/next/src/server/web/spec-extension/request.ts:29:10)
      at Object.<anonymous> (__tests__/security/bfla-admin.test.ts:82:23)

  ÔùÅ PATCH #2: BFLA Prevention - Admin Endpoints ÔÇ║ GET /api/admin/stores - List Stores 
ÔÇ║ should reject unauthenticated requests with 401

    TypeError: Cannot set property url of #<NextRequest> which has only a getter

    [0m [90m  8 |[39m   global[33m.[39m[33mRequest[39m [33m=[39m [36mclass[39m 
[33mRequest[39m {
     [90m  9 |[39m     constructor(input[33m,[39m init) {
    [31m[1m>[22m[39m[90m 10 |[39m       [36mthis[39m[33m.[39murl [33m=[39m 
[36mtypeof[39m input [33m===[39m [32m'string'[39m [33m?[39m input [33m:[39m 
input[33m.[39murl[33m;[39m
     [90m    |[39m                [31m[1m^[22m[39m
     [90m 11 |[39m       [36mthis[39m[33m.[39mmethod [33m=[39m 
init[33m?[39m[33m.[39mmethod [33m||[39m [32m'GET'[39m[33m;[39m
     [90m 12 |[39m       [36mthis[39m[33m.[39mheaders [33m=[39m 
init[33m?[39m[33m.[39mheaders [33m||[39m {}[33m;[39m
     [90m 13 |[39m       [36mthis[39m[33m.[39mbody [33m=[39m 
init[33m?[39m[33m.[39mbody [33m||[39m [36mnull[39m[33m;[39m[0m

      at new Request (jest.setup.js:10:16)
      at new NextRequest (node_modules/next/src/server/web/spec-extension/request.ts:29:10)
      at Object.<anonymous> (__tests__/security/bfla-admin.test.ts:107:23)

  ÔùÅ PATCH #2: BFLA Prevention - Admin Endpoints ÔÇ║ GET /api/admin/stores - List Stores 
ÔÇ║ should reject users without admin role with 403

    TypeError: Cannot set property url of #<NextRequest> which has only a getter

    [0m [90m  8 |[39m   global[33m.[39m[33mRequest[39m [33m=[39m [36mclass[39m 
[33mRequest[39m {
     [90m  9 |[39m     constructor(input[33m,[39m init) {
    [31m[1m>[22m[39m[90m 10 |[39m       [36mthis[39m[33m.[39murl [33m=[39m 
[36mtypeof[39m input [33m===[39m [32m'string'[39m [33m?[39m input [33m:[39m 
input[33m.[39murl[33m;[39m
     [90m    |[39m                [31m[1m^[22m[39m
     [90m 11 |[39m       [36mthis[39m[33m.[39mmethod [33m=[39m 
init[33m?[39m[33m.[39mmethod [33m||[39m [32m'GET'[39m[33m;[39m
     [90m 12 |[39m       [36mthis[39m[33m.[39mheaders [33m=[39m 
init[33m?[39m[33m.[39mheaders [33m||[39m {}[33m;[39m
     [90m 13 |[39m       [36mthis[39m[33m.[39mbody [33m=[39m 
init[33m?[39m[33m.[39mbody [33m||[39m [36mnull[39m[33m;[39m[0m

      at new Request (jest.setup.js:10:16)
      at new NextRequest (node_modules/next/src/server/web/spec-extension/request.ts:29:10)
      at Object.<anonymous> (__tests__/security/bfla-admin.test.ts:129:23)

PASS lib/__tests__/users-detail.route.test.ts
PASS lib/__tests__/restore-users.test.ts
PASS lib/__tests__/user-delete.route.test.ts
PASS lib/__tests__/user-permissions.route.test.ts
PASS __tests__/integration/billing-webhook-idempotency.test.ts
PASS lib/__tests__/reset-password.test.ts
PASS lib/__tests__/user-activate.route.test.ts
PASS lib/__tests__/search-users.test.ts
PASS lib/__tests__/seo-engine.test.ts
PASS lib/__tests__/audit-logs-query.test.ts
PASS lib/__tests__/export-users.test.ts
PASS lib/__tests__/billing-service.test.ts
PASS lib/__tests__/change-role.test.ts
PASS lib/__tests__/user-stats.test.ts
PASS __tests__/integration/public-page-seo.test.ts
PASS lib/__tests__/audit.test.ts
PASS __tests__/integration/billing-flow.test.ts
FAIL __tests__/security/owasp-top-10.test.ts
  ÔùÅ Test suite failed to run

    Cannot find module 'node-mocks-http' from '__tests__/security/owasp-top-10.test.ts'

    [0m [90m 15 |[39m [90m */[39m
     [90m 16 |[39m
    [31m[1m>[22m[39m[90m 17 |[39m [36mimport[39m { createMocks } [36mfrom[39m 
[32m'node-mocks-http'[39m[33m;[39m
     [90m    |[39m [31m[1m^[22m[39m
     [90m 18 |[39m [36mimport[39m { getServerSession } [36mfrom[39m 
[32m'next-auth/next'[39m[33m;[39m
     [90m 19 |[39m [36mimport[39m { [33mPOST[39m [36mas[39m userUpdate } 
[36mfrom[39m [32m'@/app/api/users/[id]/route'[39m[33m;[39m
     [90m 20 |[39m [36mimport[39m { [33mPOST[39m [36mas[39m adminVip } 
[36mfrom[39m [32m'@/app/api/admin/vip/route'[39m[33m;[39m[0m

      at Resolver._throwModNotFoundError 
(node_modules/jest-resolve/build/resolver.js:427:11)
      at Object.<anonymous> (__tests__/security/owasp-top-10.test.ts:17:1)

PASS __tests__/lib/rate-limit.test.ts (53.996 s)

Summary of all failing tests
FAIL __tests__/security/bfla-admin.test.ts
  ÔùÅ PATCH #2: BFLA Prevention - Admin Endpoints ÔÇ║ POST /api/admin/vip - Create VIP 
Store ÔÇ║ should reject unauthenticated requests with 401

    TypeError: Cannot set property url of #<NextRequest> which has only a getter

    [0m [90m  8 |[39m   global[33m.[39m[33mRequest[39m [33m=[39m [36mclass[39m 
[33mRequest[39m {
     [90m  9 |[39m     constructor(input[33m,[39m init) {
    [31m[1m>[22m[39m[90m 10 |[39m       [36mthis[39m[33m.[39murl [33m=[39m 
[36mtypeof[39m input [33m===[39m [32m'string'[39m [33m?[39m input [33m:[39m 
input[33m.[39murl[33m;[39m
     [90m    |[39m                [31m[1m^[22m[39m
     [90m 11 |[39m       [36mthis[39m[33m.[39mmethod [33m=[39m 
init[33m?[39m[33m.[39mmethod [33m||[39m [32m'GET'[39m[33m;[39m
     [90m 12 |[39m       [36mthis[39m[33m.[39mheaders [33m=[39m 
init[33m?[39m[33m.[39mheaders [33m||[39m {}[33m;[39m
     [90m 13 |[39m       [36mthis[39m[33m.[39mbody [33m=[39m 
init[33m?[39m[33m.[39mbody [33m||[39m [36mnull[39m[33m;[39m[0m

      at new Request (jest.setup.js:10:16)
      at new NextRequest (node_modules/next/src/server/web/spec-extension/request.ts:29:10)
      at Object.<anonymous> (__tests__/security/bfla-admin.test.ts:26:23)

  ÔùÅ PATCH #2: BFLA Prevention - Admin Endpoints ÔÇ║ POST /api/admin/vip - Create VIP 
Store ÔÇ║ should reject non-superadmin users with 403

    TypeError: Cannot set property url of #<NextRequest> which has only a getter

    [0m [90m  8 |[39m   global[33m.[39m[33mRequest[39m [33m=[39m [36mclass[39m 
[33mRequest[39m {
     [90m  9 |[39m     constructor(input[33m,[39m init) {
    [31m[1m>[22m[39m[90m 10 |[39m       [36mthis[39m[33m.[39murl [33m=[39m 
[36mtypeof[39m input [33m===[39m [32m'string'[39m [33m?[39m input [33m:[39m 
input[33m.[39murl[33m;[39m
     [90m    |[39m                [31m[1m^[22m[39m
     [90m 11 |[39m       [36mthis[39m[33m.[39mmethod [33m=[39m 
init[33m?[39m[33m.[39mmethod [33m||[39m [32m'GET'[39m[33m;[39m
     [90m 12 |[39m       [36mthis[39m[33m.[39mheaders [33m=[39m 
init[33m?[39m[33m.[39mheaders [33m||[39m {}[33m;[39m
     [90m 13 |[39m       [36mthis[39m[33m.[39mbody [33m=[39m 
init[33m?[39m[33m.[39mbody [33m||[39m [36mnull[39m[33m;[39m[0m

      at new Request (jest.setup.js:10:16)
      at new NextRequest (node_modules/next/src/server/web/spec-extension/request.ts:29:10)
      at Object.<anonymous> (__tests__/security/bfla-admin.test.ts:54:23)

  ÔùÅ PATCH #2: BFLA Prevention - Admin Endpoints ÔÇ║ POST /api/admin/vip - Create VIP 
Store ÔÇ║ should accept superadmin requests

    TypeError: Cannot set property url of #<NextRequest> which has only a getter

    [0m [90m  8 |[39m   global[33m.[39m[33mRequest[39m [33m=[39m [36mclass[39m 
[33mRequest[39m {
     [90m  9 |[39m     constructor(input[33m,[39m init) {
    [31m[1m>[22m[39m[90m 10 |[39m       [36mthis[39m[33m.[39murl [33m=[39m 
[36mtypeof[39m input [33m===[39m [32m'string'[39m [33m?[39m input [33m:[39m 
input[33m.[39murl[33m;[39m
     [90m    |[39m                [31m[1m^[22m[39m
     [90m 11 |[39m       [36mthis[39m[33m.[39mmethod [33m=[39m 
init[33m?[39m[33m.[39mmethod [33m||[39m [32m'GET'[39m[33m;[39m
     [90m 12 |[39m       [36mthis[39m[33m.[39mheaders [33m=[39m 
init[33m?[39m[33m.[39mheaders [33m||[39m {}[33m;[39m
     [90m 13 |[39m       [36mthis[39m[33m.[39mbody [33m=[39m 
init[33m?[39m[33m.[39mbody [33m||[39m [36mnull[39m[33m;[39m[0m

      at new Request (jest.setup.js:10:16)
      at new NextRequest (node_modules/next/src/server/web/spec-extension/request.ts:29:10)
      at Object.<anonymous> (__tests__/security/bfla-admin.test.ts:82:23)

  ÔùÅ PATCH #2: BFLA Prevention - Admin Endpoints ÔÇ║ GET /api/admin/stores - List Stores 
ÔÇ║ should reject unauthenticated requests with 401

    TypeError: Cannot set property url of #<NextRequest> which has only a getter

    [0m [90m  8 |[39m   global[33m.[39m[33mRequest[39m [33m=[39m [36mclass[39m 
[33mRequest[39m {
     [90m  9 |[39m     constructor(input[33m,[39m init) {
    [31m[1m>[22m[39m[90m 10 |[39m       [36mthis[39m[33m.[39murl [33m=[39m 
[36mtypeof[39m input [33m===[39m [32m'string'[39m [33m?[39m input [33m:[39m 
input[33m.[39murl[33m;[39m
     [90m    |[39m                [31m[1m^[22m[39m
     [90m 11 |[39m       [36mthis[39m[33m.[39mmethod [33m=[39m 
init[33m?[39m[33m.[39mmethod [33m||[39m [32m'GET'[39m[33m;[39m
     [90m 12 |[39m       [36mthis[39m[33m.[39mheaders [33m=[39m 
init[33m?[39m[33m.[39mheaders [33m||[39m {}[33m;[39m
     [90m 13 |[39m       [36mthis[39m[33m.[39mbody [33m=[39m 
init[33m?[39m[33m.[39mbody [33m||[39m [36mnull[39m[33m;[39m[0m

      at new Request (jest.setup.js:10:16)
      at new NextRequest (node_modules/next/src/server/web/spec-extension/request.ts:29:10)
      at Object.<anonymous> (__tests__/security/bfla-admin.test.ts:107:23)

  ÔùÅ PATCH #2: BFLA Prevention - Admin Endpoints ÔÇ║ GET /api/admin/stores - List Stores 
ÔÇ║ should reject users without admin role with 403

    TypeError: Cannot set property url of #<NextRequest> which has only a getter

    [0m [90m  8 |[39m   global[33m.[39m[33mRequest[39m [33m=[39m [36mclass[39m 
[33mRequest[39m {
     [90m  9 |[39m     constructor(input[33m,[39m init) {
    [31m[1m>[22m[39m[90m 10 |[39m       [36mthis[39m[33m.[39murl [33m=[39m 
[36mtypeof[39m input [33m===[39m [32m'string'[39m [33m?[39m input [33m:[39m 
input[33m.[39murl[33m;[39m
     [90m    |[39m                [31m[1m^[22m[39m
     [90m 11 |[39m       [36mthis[39m[33m.[39mmethod [33m=[39m 
init[33m?[39m[33m.[39mmethod [33m||[39m [32m'GET'[39m[33m;[39m
     [90m 12 |[39m       [36mthis[39m[33m.[39mheaders [33m=[39m 
init[33m?[39m[33m.[39mheaders [33m||[39m {}[33m;[39m
     [90m 13 |[39m       [36mthis[39m[33m.[39mbody [33m=[39m 
init[33m?[39m[33m.[39mbody [33m||[39m [36mnull[39m[33m;[39m[0m

      at new Request (jest.setup.js:10:16)
      at new NextRequest (node_modules/next/src/server/web/spec-extension/request.ts:29:10)
      at Object.<anonymous> (__tests__/security/bfla-admin.test.ts:129:23)

FAIL __tests__/security/owasp-top-10.test.ts
  ÔùÅ Test suite failed to run

    Cannot find module 'node-mocks-http' from '__tests__/security/owasp-top-10.test.ts'

    [0m [90m 15 |[39m [90m */[39m
     [90m 16 |[39m
    [31m[1m>[22m[39m[90m 17 |[39m [36mimport[39m { createMocks } [36mfrom[39m 
[32m'node-mocks-http'[39m[33m;[39m
     [90m    |[39m [31m[1m^[22m[39m
     [90m 18 |[39m [36mimport[39m { getServerSession } [36mfrom[39m 
[32m'next-auth/next'[39m[33m;[39m
     [90m 19 |[39m [36mimport[39m { [33mPOST[39m [36mas[39m userUpdate } 
[36mfrom[39m [32m'@/app/api/users/[id]/route'[39m[33m;[39m
     [90m 20 |[39m [36mimport[39m { [33mPOST[39m [36mas[39m adminVip } 
[36mfrom[39m [32m'@/app/api/admin/vip/route'[39m[33m;[39m[0m

      at Resolver._throwModNotFoundError 
(node_modules/jest-resolve/build/resolver.js:427:11)
      at Object.<anonymous> (__tests__/security/owasp-top-10.test.ts:17:1)


Test Suites: 2 failed, 22 passed, 24 total
Tests:       5 failed, 641 passed, 646 total
Snapshots:   0 total
Time:        56.513 s
Ran all test suites.
