
> paginas-comercio-local@0.1.0 test
> jest --testPathPattern=DeployTimeline|DeployStatus|DeployPreviewLink --no-coverage

node.exe : ts-jest[ts-jest-transformer] (WARN) Define `ts-jest` config under `globals` is 
deprecated. Please do
No linha:1 caractere:1
+ & "C:\Program Files\nodejs/node.exe" "C:\Program Files\nodejs/node_mo ...
+ ~~~~~~~~~~~~~~~~~~~~~~~~~~~~~~~~~~~~~~~~~~~~~~~~~~~~~~~~~~~~~~~~~~~~~
    + CategoryInfo          : NotSpecified: (ts-jest[ts-jest...ated. Please do:String) [], Remo 
   teException
    + FullyQualifiedErrorId : NativeCommandError
 
transform: {
    <transform_regex>: ['ts-jest', { /* ts-jest config goes here in Jest */ }],
},
See more at https://kulshekhar.github.io/ts-jest/docs/getting-started/presets#advanced
ts-jest[ts-jest-transformer] (WARN) Define `ts-jest` config under `globals` is deprecated. 
Please do
transform: {
    <transform_regex>: ['ts-jest', { /* ts-jest config goes here in Jest */ }],
},
See more at https://kulshekhar.github.io/ts-jest/docs/getting-started/presets#advanced
ts-jest[ts-jest-transformer] (WARN) Define `ts-jest` config under `globals` is deprecated. 
Please do
transform: {
    <transform_regex>: ['ts-jest', { /* ts-jest config goes here in Jest */ }],
},
See more at https://kulshekhar.github.io/ts-jest/docs/getting-started/presets#advanced
FAIL components/deploy/__tests__/DeployPreviewLink.test.tsx
  ÔùÅ Test suite failed to run

    [96mcomponents/deploy/__tests__/DeployPreviewLink.test.tsx[0m:[93m148[0m:[93m3[0m - 
[91merror[0m[90m TS1128: [0mDeclaration or statement expected.

    [7m148[0m   })
    [7m   [0m [91m  ~[0m
    [96mcomponents/deploy/__tests__/DeployPreviewLink.test.tsx[0m:[93m148[0m:[93m4[0m - 
[91merror[0m[90m TS1128: [0mDeclaration or statement expected.

    [7m148[0m   })
    [7m   [0m [91m   ~[0m
    [96mcomponents/deploy/__tests__/DeployPreviewLink.test.tsx[0m:[93m218[0m:[93m1[0m - 
[91merror[0m[90m TS1128: [0mDeclaration or statement expected.

    [7m218[0m })
    [7m   [0m [91m~[0m
    [96mcomponents/deploy/__tests__/DeployPreviewLink.test.tsx[0m:[93m218[0m:[93m2[0m - 
[91merror[0m[90m TS1128: [0mDeclaration or statement expected.

    [7m218[0m })
    [7m   [0m [91m ~[0m

FAIL components/deploy/__tests__/DeployTimeline.test.tsx
  ÔùÅ DeployTimeline Component ÔÇ║ should display deployment history after loading

    expect(received).toBeInTheDocument()

    received value must be an HTMLElement or an SVGElement.
    Received has value: null

    Ignored nodes: comments, script, style
    [36m<html>[39m
      [36m<head />[39m
      [36m<body>[39m
        [36m<div>[39m
          [36m<div[39m
            [33mclass[39m=[32m"rounded-lg border border-red-700/40 bg-red-950/40 p-4 text-xs 
text-red-200"[39m
          [36m>[39m
            [36m<div[39m
              [33mclass[39m=[32m"font-semibold"[39m
            [36m>[39m
              [0mHist├│rico de Deploys[0m
            [36m</div>[39m
            [36m<div[39m
              [33mclass[39m=[32m"mt-1"[39m
            [36m>[39m
              [0mÔØî UNMOCKED FETCH: /api/deploy/history?pageId=page-123&limit=10
    Register with: mockFetch.mockUrl('/api/deploy/history?pageId=page-123&limit=10', {...})[0m
            [36m</div>[39m
            [36m<button[39m
              [33mclass[39m=[32m"mt-2 text-[11px] text-red-300 hover:text-red-200 
underline"[39m
            [36m>[39m
              [0mTentar novamente[0m
            [36m</button>[39m
          [36m</div>[39m
        [36m</div>[39m
      [36m</body>[39m
    [36m</html>[39m

    [0m [90m 52 |[39m       () [33m=>[39m {
     [90m 53 |[39m         [36mconst[39m element [33m=[39m 
screen[33m.[39mqueryByText([35m/v1\.0\.0|v1\.0\.1/i[39m)[33m;[39m
    [31m[1m>[22m[39m[90m 54 |[39m         
expect(element)[33m.[39mtoBeInTheDocument()[33m;[39m
     [90m    |[39m                         [31m[1m^[22m[39m
     [90m 55 |[39m       }[33m,[39m
     [90m 56 |[39m       { timeout[33m:[39m [35m2000[39m }
     [90m 57 |[39m     )[33m;[39m[0m

      at __EXTERNAL_MATCHER_TRAP__ (node_modules/expect/build/index.js:325:30)
      at Object.throwingMatcher [as toBeInTheDocument] 
(node_modules/expect/build/index.js:326:15)
      at timeout (components/deploy/__tests__/DeployTimeline.test.tsx:54:25)
      at runWithExpensiveErrorDiagnosticsDisabled 
(node_modules/@testing-library/dom/dist/config.js:47:12)
      at checkCallback (node_modules/@testing-library/dom/dist/wait-for.js:124:77)
      at node_modules/@testing-library/dom/dist/wait-for.js:82:9

  ÔùÅ DeployTimeline Component ÔÇ║ should display deployment timestamps correctly

    Unable to find an element with the text: /2025-01-19/i. This could be because the text is 
broken up by multiple elements. In this case, you can provide a function for your text matcher 
to make your matcher more flexible.

    Ignored nodes: comments, script, style
    [36m<body>[39m
      [36m<div>[39m
        [36m<div[39m
          [33mclass[39m=[32m"rounded-lg border border-red-700/40 bg-red-950/40 p-4 text-xs 
text-red-200"[39m
        [36m>[39m
          [36m<div[39m
            [33mclass[39m=[32m"font-semibold"[39m
          [36m>[39m
            [0mHist├│rico de Deploys[0m
          [36m</div>[39m
          [36m<div[39m
            [33mclass[39m=[32m"mt-1"[39m
          [36m>[39m
            [0mÔØî UNMOCKED FETCH: /api/deploy/history?pageId=page-123&limit=10
    Register with: mockFetch.mockUrl('/api/deploy/history?pageId=page-123&limit=10', {...})[0m
          [36m</div>[39m
          [36m<button[39m
            [33mclass[39m=[32m"mt-2 text-[11px] text-red-300 hover:text-red-200 
underline"[39m
          [36m>[39m
            [0mTentar novamente[0m
          [36m</button>[39m
        [36m</div>[39m
      [36m</div>[39m
    [36m</body>[39m

    [0m [90m 61 |[39m     render([33m<[39m[33mDeployTimeline[39m 
pageId[33m=[39m[32m"page-123"[39m [33m/[39m[33m>[39m)[33m;[39m
     [90m 62 |[39m
    [31m[1m>[22m[39m[90m 63 |[39m     [36mawait[39m waitFor(() [33m=>[39m {
     [90m    |[39m                  [31m[1m^[22m[39m
     [90m 64 |[39m       expect(screen[33m.[39mgetByText([35m/2025-01-19/i[39m))[33m.[39
mtoBeInTheDocument()[33m;[39m
     [90m 65 |[39m     })[33m;[39m
     [90m 66 |[39m   })[33m;[39m[0m

      at waitForWrapper (node_modules/@testing-library/dom/dist/wait-for.js:163:27)
      at Object.<anonymous> (components/deploy/__tests__/DeployTimeline.test.tsx:63:18)

  ÔùÅ DeployTimeline Component ÔÇ║ should auto-refresh deployment history

    expect(received).toBeInTheDocument()

    received value must be an HTMLElement or an SVGElement.
    Received has value: null

    Ignored nodes: comments, script, style
    [36m<html>[39m
      [36m<head />[39m
      [36m<body>[39m
        [36m<div>[39m
          [36m<div[39m
            [33mclass[39m=[32m"rounded-lg border border-red-700/40 bg-red-950/40 p-4 text-xs 
text-red-200"[39m
          [36m>[39m
            [36m<div[39m
              [33mclass[39m=[32m"font-semibold"[39m
            [36m>[39m
              [0mHist├│rico de Deploys[0m
            [36m</div>[39m
            [36m<div[39m
              [33mclass[39m=[32m"mt-1"[39m
            [36m>[39m
              [0mÔØî UNMOCKED FETCH: /api/deploy/history?pageId=page-123&limit=10
    Register with: mockFetch.mockUrl('/api/deploy/history?pageId=page-123&limit=10', {...})[0m
            [36m</div>[39m
            [36m<button[39m
              [33mclass[39m=[32m"mt-2 text-[11px] text-red-300 hover:text-red-200 
underline"[39m
            [36m>[39m
              [0mTentar novamente[0m
            [36m</button>[39m
          [36m</div>[39m
        [36m</div>[39m
      [36m</body>[39m
    [36m</html>[39m

    [0m [90m 106 |[39m     [36mawait[39m waitFor(
     [90m 107 |[39m       () [33m=>[39m {
    [31m[1m>[22m[39m[90m 108 |[39m         expect(screen[33m.[39mqueryByText([35m/v1.0.
0/i[39m))[33m.[39mtoBeInTheDocument()[33m;[39m
     [90m     |[39m                                               [31m[1m^[22m[39m
     [90m 109 |[39m       }[33m,[39m
     [90m 110 |[39m       { timeout[33m:[39m [35m500[39m }
     [90m 111 |[39m     )[33m;[39m[0m

      at __EXTERNAL_MATCHER_TRAP__ (node_modules/expect/build/index.js:325:30)
      at Object.throwingMatcher [as toBeInTheDocument] 
(node_modules/expect/build/index.js:326:15)
      at timeout (components/deploy/__tests__/DeployTimeline.test.tsx:108:47)
      at runWithExpensiveErrorDiagnosticsDisabled 
(node_modules/@testing-library/dom/dist/config.js:47:12)
      at checkCallback (node_modules/@testing-library/dom/dist/wait-for.js:124:77)
      at node_modules/@testing-library/dom/dist/wait-for.js:82:9

  ÔùÅ DeployTimeline Component ÔÇ║ should display error when API fails

    expect(received).toBeTruthy()

    Received: null

    Ignored nodes: comments, script, style
    [36m<html>[39m
      [36m<head />[39m
      [36m<body>[39m
        [36m<div>[39m
          [36m<div[39m
            [33mclass[39m=[32m"rounded-lg border border-red-700/40 bg-red-950/40 p-4 text-xs 
text-red-200"[39m
          [36m>[39m
            [36m<div[39m
              [33mclass[39m=[32m"font-semibold"[39m
            [36m>[39m
              [0mHist├│rico de Deploys[0m
            [36m</div>[39m
            [36m<div[39m
              [33mclass[39m=[32m"mt-1"[39m
            [36m>[39m
              [0mÔØî UNMOCKED FETCH: /api/deploy/history?pageId=page-123&limit=10
    Register with: mockFetch.mockUrl('/api/deploy/history?pageId=page-123&limit=10', {...})[0m
            [36m</div>[39m
            [36m<button[39m
              [33mclass[39m=[32m"mt-2 text-[11px] text-red-300 hover:text-red-200 
underline"[39m
            [36m>[39m
              [0mTentar novamente[0m
            [36m</button>[39m
          [36m</div>[39m
        [36m</div>[39m
      [36m</body>[39m
    [36m</html>[39m

    [0m [90m 135 |[39m         screen[33m.[39mqueryByText([35m/erro|error|failed/i[39m) 
[33m||[39m
     [90m 136 |[39m         screen[33m.[39mqueryByTestId([32m'deploy-error'[39m)
    [31m[1m>[22m[39m[90m 137 |[39m       )[33m.[39mtoBeTruthy()[33m;[39m
     [90m     |[39m         [31m[1m^[22m[39m
     [90m 138 |[39m     })[33m;[39m
     [90m 139 |[39m   })[33m;[39m
     [90m 140 |[39m })[33m;[39m[0m

      at components/deploy/__tests__/DeployTimeline.test.tsx:137:9
      at runWithExpensiveErrorDiagnosticsDisabled 
(node_modules/@testing-library/dom/dist/config.js:47:12)
      at checkCallback (node_modules/@testing-library/dom/dist/wait-for.js:124:77)
      at node_modules/@testing-library/dom/dist/wait-for.js:82:9

FAIL components/deploy/__tests__/DeployStatus.test.tsx
  ÔùÅ Console

    console.error
      Warning: An update to DeployStatus inside a test was not wrapped in act(...).
      
      When testing, code that causes React state updates should be wrapped into act(...):
      
      act(() => {
        /* fire events that update state */
      });
      /* assert on the output */
      
      This ensures that you're testing the behavior the user would see in the browser. Learn 
more at https://reactjs.org/link/wrap-tests-with-act
          at DeployStatus (C:\Users\rafae\Desktop\PROJETOS DE ESTUDOS\PROJETO P├üGINAS DO 
COMERCIO LOCAL\PAGINAS PARA O COMERCIO APP\components\deploy\DeployStatus.tsx:21:32)

    [0m [90m 120 |[39m   }
     [90m 121 |[39m   
    [31m[1m>[22m[39m[90m 122 |[39m   originalError[33m.[39mcall(console[33m,[39m 
[33m...[39margs)[33m;[39m
     [90m     |[39m                 [31m[1m^[22m[39m
     [90m 123 |[39m }[33m;[39m
     [90m 124 |[39m
     [90m 125 |[39m console[33m.[39mwarn [33m=[39m ([33m...[39margs) [33m=>[39m {[0m

      at console.Object.<anonymous>.console.error (jest.setup.js:122:17)
      at printWarning (node_modules/react-dom/cjs/react-dom.development.js:86:30)
      at error (node_modules/react-dom/cjs/react-dom.development.js:60:7)
      at warnIfUpdatesNotWrappedWithActDEV 
(node_modules/react-dom/cjs/react-dom.development.js:27628:9)
      at scheduleUpdateOnFiber (node_modules/react-dom/cjs/react-dom.development.js:25547:5)
      at dispatchSetState (node_modules/react-dom/cjs/react-dom.development.js:16708:7)
      at fetchStatus (components/deploy/DeployStatus.tsx:45:7)

    console.error
      Warning: An update to DeployStatus inside a test was not wrapped in act(...).
      
      When testing, code that causes React state updates should be wrapped into act(...):
      
      act(() => {
        /* fire events that update state */
      });
      /* assert on the output */
      
      This ensures that you're testing the behavior the user would see in the browser. Learn 
more at https://reactjs.org/link/wrap-tests-with-act
          at DeployStatus (C:\Users\rafae\Desktop\PROJETOS DE ESTUDOS\PROJETO P├üGINAS DO 
COMERCIO LOCAL\PAGINAS PARA O COMERCIO APP\components\deploy\DeployStatus.tsx:21:32)

    [0m [90m 120 |[39m   }
     [90m 121 |[39m   
    [31m[1m>[22m[39m[90m 122 |[39m   originalError[33m.[39mcall(console[33m,[39m 
[33m...[39margs)[33m;[39m
     [90m     |[39m                 [31m[1m^[22m[39m
     [90m 123 |[39m }[33m;[39m
     [90m 124 |[39m
     [90m 125 |[39m console[33m.[39mwarn [33m=[39m ([33m...[39margs) [33m=>[39m {[0m

      at console.Object.<anonymous>.console.error (jest.setup.js:122:17)
      at printWarning (node_modules/react-dom/cjs/react-dom.development.js:86:30)
      at error (node_modules/react-dom/cjs/react-dom.development.js:60:7)
      at warnIfUpdatesNotWrappedWithActDEV 
(node_modules/react-dom/cjs/react-dom.development.js:27628:9)
      at scheduleUpdateOnFiber (node_modules/react-dom/cjs/react-dom.development.js:25547:5)
      at dispatchSetState (node_modules/react-dom/cjs/react-dom.development.js:16708:7)
      at fetchStatus (components/deploy/DeployStatus.tsx:50:7)

    console.warn
      A function to advance timers was called but the timers APIs are not replaced with fake 
timers. Call `jest.useFakeTimers()` in this test file or enable fake timers for all tests by 
setting 'fakeTimers': {'enableGlobally': true} in Jest configuration file.
      Stack Trace:
      
          [0m [90m 151 |[39m
           [90m 152 |[39m afterAll(() [33m=>[39m {
          [31m[1m>[22m[39m[90m 153 |[39m   [36mconst[39m pendingTimers [33m=[39m 
jest[33m.[39mgetTimerCount[33m?[39m[33m.[39m() [33m||[39m [35m0[39m[33m;[39m
           [90m     |[39m                                             [31m[1m^[22m[39m
           [90m 154 |[39m   [36mif[39m (pendingTimers [33m>[39m [35m0[39m) {
           [90m 155 |[39m     console[33m.[39mwarn(
           [90m 156 |[39m       [32m`\nÔÜá´©Å  Warning: ${pendingTimers} timers still 
pending after tests\n`[39m [33m+[39m[0m
      
            Error: 
            at FakeTimers._checkFakeTimers 
(node_modules/@jest/fake-timers/build/modernFakeTimers.js:158:13)
            at FakeTimers.getTimerCount 
(node_modules/@jest/fake-timers/build/modernFakeTimers.js:145:14)
            at Object.<anonymous> (jest.setup.js:153:45)

    [0m [90m 126 |[39m   [36mconst[39m message [33m=[39m 
[33mString[39m(args[[35m0[39m] [33m||[39m [32m''[39m)[33m;[39m
     [90m 127 |[39m   [36mif[39m ([33m![39mmessage[33m.[39mincludes([32m'fetch'[39m)) 
{
    [31m[1m>[22m[39m[90m 128 |[39m     originalWarn[33m.[39mcall(console[33m,[39m 
[33m...[39margs)[33m;[39m
     [90m     |[39m                  [31m[1m^[22m[39m
     [90m 129 |[39m   }
     [90m 130 |[39m }[33m;[39m
     [90m 131 |[39m[0m

      at console.Object.<anonymous>.console.warn (jest.setup.js:128:18)
      at FakeTimers._checkFakeTimers 
(node_modules/@jest/fake-timers/build/modernFakeTimers.js:152:28)
      at FakeTimers.getTimerCount 
(node_modules/@jest/fake-timers/build/modernFakeTimers.js:145:14)
      at Object.<anonymous> (jest.setup.js:153:45)

  ÔùÅ DeployStatus Component ÔÇ║ should render deployment status

    expect(received).toBeTruthy()

    Received: null

    Ignored nodes: comments, script, style
    [36m<html>[39m
      [36m<head />[39m
      [36m<body>[39m
        [36m<div>[39m
          [36m<div[39m
            [33mclass[39m=[32m"rounded-lg border border-slate-700 bg-slate-900/60 p-4 
text-xs text-slate-300"[39m
          [36m>[39m
            [0mNenhum deploy encontrado para esta p├ígina.[0m
          [36m</div>[39m
        [36m</div>[39m
      [36m</body>[39m
    [36m</html>[39m

    [0m [90m 39 |[39m     [36mawait[39m waitFor(() [33m=>[39m {
     [90m 40 |[39m       [36mconst[39m element [33m=[39m 
screen[33m.[39mqueryByText([35m/sucesso|success|v1.0.0/i[39m)[33m;[39m
    [31m[1m>[22m[39m[90m 41 |[39m       expect(element [33m||[39m 
screen[33m.[39mqueryByTestId([32m'deploy-status'[39m))[33m.[39mtoBeTruthy()[33m;[39m
     [90m    |[39m                                                                
[31m[1m^[22m[39m
     [90m 42 |[39m     }[33m,[39m { timeout[33m:[39m [35m1000[39m })[33m;[39m
     [90m 43 |[39m   })[33m;[39m
     [90m 44 |[39m[0m

      at timeout (components/deploy/__tests__/DeployStatus.test.tsx:41:64)
      at runWithExpensiveErrorDiagnosticsDisabled 
(node_modules/@testing-library/dom/dist/config.js:47:12)
      at checkCallback (node_modules/@testing-library/dom/dist/wait-for.js:124:77)
      at node_modules/@testing-library/dom/dist/wait-for.js:82:9

  ÔùÅ DeployStatus Component ÔÇ║ should display status badges correctly

    expect(received).toBeTruthy()

    Received: null

    Ignored nodes: comments, script, style
    [36m<html>[39m
      [36m<head />[39m
      [36m<body>[39m
        [36m<div>[39m
          [36m<div[39m
            [33mclass[39m=[32m"rounded-lg border border-slate-700 bg-slate-900/60 p-4 
text-xs text-slate-300"[39m
          [36m>[39m
            [0mNenhum deploy encontrado para esta p├ígina.[0m
          [36m</div>[39m
        [36m</div>[39m
      [36m</body>[39m
    [36m</html>[39m

    [0m [90m 50 |[39m       [36mconst[39m versionText [33m=[39m 
screen[33m.[39mqueryByText([35m/v1.0.0/i[39m)[33m;[39m
     [90m 51 |[39m
    [31m[1m>[22m[39m[90m 52 |[39m       expect(successIndicator [33m||[39m versionText 
[33m||[39m 
screen[33m.[39mqueryByTestId([32m'deploy-badge'[39m))[33m.[39mtoBeTruthy()[33m;[39m
     [90m    |[39m                                                                            
           [31m[1m^[22m[39m
     [90m 53 |[39m     }[33m,[39m { timeout[33m:[39m [35m1000[39m })[33m;[39m
     [90m 54 |[39m   })[33m;[39m
     [90m 55 |[39m[0m

      at timeout (components/deploy/__tests__/DeployStatus.test.tsx:52:87)
      at runWithExpensiveErrorDiagnosticsDisabled 
(node_modules/@testing-library/dom/dist/config.js:47:12)
      at checkCallback (node_modules/@testing-library/dom/dist/wait-for.js:124:77)
      at node_modules/@testing-library/dom/dist/wait-for.js:82:9

  ÔùÅ DeployStatus Component ÔÇ║ should display deployment versions

    expect(received).toBeTruthy()

    Received: null

    Ignored nodes: comments, script, style
    [36m<html>[39m
      [36m<head />[39m
      [36m<body>[39m
        [36m<div>[39m
          [36m<div[39m
            [33mclass[39m=[32m"rounded-lg border border-slate-700 bg-slate-900/60 p-4 
text-xs text-slate-300"[39m
          [36m>[39m
            [0mNenhum deploy encontrado para esta p├ígina.[0m
          [36m</div>[39m
        [36m</div>[39m
      [36m</body>[39m
    [36m</html>[39m

    [0m [90m 94 |[39m
     [90m 95 |[39m     [36mawait[39m waitFor(() [33m=>[39m {
    [31m[1m>[22m[39m[90m 96 |[39m       
expect(screen[33m.[39mqueryByText([35m/v1.0.0/i[39m))[33m.[39mtoBeTruthy()[33m;[39m
     [90m    |[39m                                             [31m[1m^[22m[39m
     [90m 97 |[39m     }[33m,[39m { timeout[33m:[39m [35m1000[39m })[33m;[39m
     [90m 98 |[39m   })[33m;[39m
     [90m 99 |[39m[0m

      at timeout (components/deploy/__tests__/DeployStatus.test.tsx:96:45)
      at runWithExpensiveErrorDiagnosticsDisabled 
(node_modules/@testing-library/dom/dist/config.js:47:12)
      at checkCallback (node_modules/@testing-library/dom/dist/wait-for.js:124:77)
      at node_modules/@testing-library/dom/dist/wait-for.js:82:9

Test Suites: 3 failed, 3 total
Tests:       7 failed, 9 passed, 16 total
Snapshots:   0 total
Time:        3.181 s
Ran all test suites matching /DeployTimeline|DeployStatus|DeployPreviewLink/i.
