app/api/pages/__tests__/blocks-move.route.test.ts(8,1): error TS6133: 'PageBlock' is declared but its value is never read.
app/api/seo/regenerate/route.ts(8,10): error TS2724: '"@/lib/rate-limiter"' has no exported member named 'rateLimit'. Did you mean 'rateLimiters'?
app/api/tenants/route.ts(44,11): error TS1361: 'NextRequest' cannot be used as a value because it was imported using 'import type'.
components/PageEditor/Editor.tsx(55,13): error TS2741: Property 'order' is missing in type '{ id: string; pageId: string; type: BlockType; position: number; content: Record<string, any>; settings: {}; createdAt: Date; updatedAt: Date; }' but required in type 'PageBlock'.
e2e/deployment.e2e.ts(200,7): error TS2531: Object is possibly 'null'.
e2e/deployment.e2e.ts(201,7): error TS2531: Object is possibly 'null'.
e2e/marketplace.e2e.ts(156,13): error TS6133: 'initialCards' is declared but its value is never read.
lib/api-helpers.ts(38,3): error TS6133: 'message' is declared but its value is never read.
lib/audit.ts(2,1): error TS6133: 'getTenantScopedDb' is declared but its value is never read.
lib/audit.ts(81,10): error TS6133: 'sanitizeForAudit' is declared but its value is never read.
lib/deploy/deploy-manager-real.ts(72,7): error TS2353: Object literal may only specify known properties, and 'title' does not exist in type 'StaticPageContext'.
lib/deploy/deploy-manager-real.ts(77,63): error TS2554: Expected 2 arguments, but got 3.
lib/deploy/deploy-manager-real.ts(100,11): error TS2353: Object literal may only specify known properties, and 'filename' does not exist in type 'DeployFile'.
lib/deploy/deploy-manager-real.ts(156,11): error TS6133: 'failedRecord' is declared but its value is never read.
lib/deploy/providers/cloudflare-r2-real.ts(22,3): error TS2353: Object literal may only specify known properties, and 'displayName' does not exist in type 'DeployProvider'.
lib/rate-limit.ts(31,3): error TS6133: 'RateLimiterAbstract' is declared but its value is never read.
lib/seo-automation.ts(172,3): error TS6133: 'pageTitle' is declared but its value is never read.
lib/seo/seo-engine.ts(29,3): error TS6133: 'scoreToGrade' is declared but its value is never read.
lib/seo/seo-engine.ts(30,3): error TS6133: 'isHealthyScore' is declared but its value is never read.
lib/seo/seo-engine.ts(36,8): error TS6133: 'AdvancedMetaResult' is declared but its value is never read.
lib/seo/seo-engine.ts(41,8): error TS6133: 'JsonLdResult' is declared but its value is never read.
lib/seo/seo-engine.ts(53,3): error TS6133: 'breakdown' is declared but its value is never read.
lib/seo/seo-engine.ts(214,5): error TS2322: Type 'string | undefined' is not assignable to type 'string | false'.
  Type 'undefined' is not assignable to type 'string | false'.
lib/seo/seo-engine.ts(215,5): error TS2322: Type 'false | "<meta name=\"robots\" content=\"noindex, nofollow\" />" | undefined' is not assignable to type 'string | false'.
  Type 'undefined' is not assignable to type 'string | false'.
lib/seo/seo-engine.ts(244,5): error TS2322: Type 'string | undefined' is not assignable to type 'string'.
  Type 'undefined' is not assignable to type 'string'.
lib/seo/seo-engine.ts(245,5): error TS2322: Type 'string | undefined' is not assignable to type 'string'.
  Type 'undefined' is not assignable to type 'string'.
lib/seo/seo-engine.ts(246,5): error TS2322: Type 'string | undefined' is not assignable to type 'string'.
  Type 'undefined' is not assignable to type 'string'.
lib/seo/seo-engine.ts(248,5): error TS2322: Type 'string | undefined' is not assignable to type 'string'.
  Type 'undefined' is not assignable to type 'string'.
lib/seo/seo-engine.ts(271,5): error TS2322: Type 'string | undefined' is not assignable to type 'string'.
  Type 'undefined' is not assignable to type 'string'.
lib/seo/seo-engine.ts(274,5): error TS2322: Type 'string | undefined' is not assignable to type 'string'.
  Type 'undefined' is not assignable to type 'string'.
lib/static-export/generate-static-html.ts(3,10): error TS2305: Module '"./versioning"' has no exported member 'generateDeploymentVersion'.
middleware/with-rate-limit.ts(187,11): error TS6133: 'ctx' is declared but its value is never read.
src/components/seo-dashboard/SeoDashboard.tsx(20,28): error TS2307: Cannot find module '../hooks/useSeoData' or its corresponding type declarations.
src/components/seo-dashboard/SeoDashboard.tsx(21,10): error TS6133: 'ChevronDown' is declared but its value is never read.
src/components/seo-dashboard/SeoDashboard.tsx(66,9): error TS6133: 'tabActiveBg' is declared but its value is never read.
src/components/seo-dashboard/SeoDashboard.tsx(67,9): error TS6133: 'tabInactiveBg' is declared but its value is never read.
src/components/seo-dashboard/SeoDashboard.tsx(191,27): error TS2322: Type 'unknown' is not assignable to type 'ReactNode'.
src/components/seo-dashboard/SeoGooglePreview.tsx(21,9): error TS6133: 'slug' is declared but its value is never read.
src/lib/deploy/deploy-manager.ts(8,1): error TS6133: 'StaticPageContext' is declared but its value is never read.
src/lib/deploy/deploy-manager.ts(32,34): error TS2554: Expected 4 arguments, but got 1.
src/lib/deploy/deploy-manager.ts(123,45): error TS6133: 'deploymentId' is declared but its value is never read.
src/lib/deploy/deploy-manager.ts(150,44): error TS6133: 'pageId' is declared but its value is never read.
src/lib/deploy/deploy-manager.ts(150,60): error TS6133: 'tenantId' is declared but its value is never read.
src/lib/deploy/providers/cloudflare-r2.ts(111,25): error TS6133: 'params' is declared but its value is never read.
src/lib/deploy/providers/cloudflare-r2.ts(131,22): error TS1162: An object member cannot be declared optional.
src/lib/seo/search-engine-ping.ts(187,3): error TS6133: 'sitemapUrl' is declared but its value is never read.
src/lib/static-export/generate-static-page.ts(12,10): error TS6133: 'collectStaticPageData' is declared but its value is never read.
tests/fase-3-unit.test.ts(15,8): error TS2724: '"@/lib/page-editor"' has no exported member named 'PageBlock'. Did you mean 'addPageBlock'?
tests/security/security-suite.test.ts(10,48): error TS6133: 'afterEach' is declared but its value is never read.
tests/security/security-suite.test.ts(22,13): error TS6133: 'secret' is declared but its value is never read.
tests/security/security-suite.test.ts(23,13): error TS6133: 'sessionId' is declared but its value is never read.
tests/security/security-suite.test.ts(35,13): error TS6133: 'secret' is declared but its value is never read.
tests/security/security-suite.test.ts(36,13): error TS6133: 'sessionId' is declared but its value is never read.
tests/security/security-suite.test.ts(57,13): error TS6133: 'tenantId' is declared but its value is never read.
tests/security/security-suite.test.ts(191,13): error TS6133: 'maliciousInput' is declared but its value is never read.
